br\gov\sp\fatec\project\repository\ProjectRepository.class
br\gov\sp\fatec\utils\exception\Exception.class
br\gov\sp\fatec\team\domain\TeamDTO.class
br\gov\sp\fatec\student\domain\ProfessionalInfo.class
br\gov\sp\fatec\Antena.class
br\gov\sp\fatec\project\domain\Project.class
br\gov\sp\fatec\project\service\ProjectServiceImpl.class
br\gov\sp\fatec\utils\exception\Exception$userInactiveException.class
br\gov\sp\fatec\cadi\service\CadiService.class
br\gov\sp\fatec\notification\repository\NotificationRepository.class
br\gov\sp\fatec\representative\service\RepresentativeServiceImpl.class
br\gov\sp\fatec\medal\repository\StudentMedalRepository.class
br\gov\sp\fatec\user\service\UserServiceImpl.class
br\gov\sp\fatec\utils\view\View$Profile.class
br\gov\sp\fatec\security\service\SecurityService.class
br\gov\sp\fatec\team\repository\StudentTeamRepository.class
br\gov\sp\fatec\user\dto\PendingUser.class
br\gov\sp\fatec\team\repository\RoleRepository.class
br\gov\sp\fatec\utils\view\View$Project.class
br\gov\sp\fatec\teacher\service\TeacherServiceImpl.class
br\gov\sp\fatec\utils\exception\Exception$UserRetrievingInvalidException.class
br\gov\sp\fatec\project\service\ProjectService.class
br\gov\sp\fatec\student\service\StudentService.class
br\gov\sp\fatec\student\controller\StudentController.class
br\gov\sp\fatec\medal\domain\StudentMedal.class
br\gov\sp\fatec\project\domain\Meeting.class
br\gov\sp\fatec\login\domain\Login.class
br\gov\sp\fatec\student\repository\StudentRepository.class
br\gov\sp\fatec\security\domain\Authorization.class
br\gov\sp\fatec\security\JwtAuthenticationFilter.class
br\gov\sp\fatec\student\service\StudentServiceImpl.class
br\gov\sp\fatec\utils\exception\Exception$ProjectCannotBeDeletedException.class
br\gov\sp\fatec\utils\view\View$User.class
br\gov\sp\fatec\user\dto\UserDTO.class
br\gov\sp\fatec\team\service\TeamService.class
br\gov\sp\fatec\utils\commons\JSONParser.class
br\gov\sp\fatec\notification\domain\UserNotification.class
br\gov\sp\fatec\utils\view\View$Medal.class
br\gov\sp\fatec\representative\domain\Representative.class
br\gov\sp\fatec\teacher\controller\TeacherController.class
br\gov\sp\fatec\teacher\repository\TeacherRepository.class
br\gov\sp\fatec\utils\view\View$Teacher.class
br\gov\sp\fatec\project\controller\ProjectController.class
br\gov\sp\fatec\project\domain\Address.class
br\gov\sp\fatec\student\domain\StudentDTO.class
br\gov\sp\fatec\medal\service\MedalService.class
br\gov\sp\fatec\utils\exception\Exception$MedalNotFoundException.class
br\gov\sp\fatec\utils\exception\Exception$UserInvalidException.class
br\gov\sp\fatec\security\service\AuthorizationService.class
br\gov\sp\fatec\utils\exception\Exception$ProjectNotFoundException.class
br\gov\sp\fatec\security\SecurityConfiguration.class
br\gov\sp\fatec\team\domain\Evaluation.class
br\gov\sp\fatec\team\domain\Role.class
br\gov\sp\fatec\utils\view\View$Team.class
br\gov\sp\fatec\representative\controller\RepresentativeController.class
br\gov\sp\fatec\cadi\domain\Cadi.class
br\gov\sp\fatec\cadi\service\CadiServiceImpl.class
br\gov\sp\fatec\user\service\UserService.class
br\gov\sp\fatec\notification\domain\Notification.class
br\gov\sp\fatec\medal\repository\MedalRepository.class
br\gov\sp\fatec\student\domain\AcademicInfo.class
br\gov\sp\fatec\student\domain\Student.class
br\gov\sp\fatec\security\RestAuthenticationEntryPoint.class
br\gov\sp\fatec\team\domain\Team.class
br\gov\sp\fatec\utils\exception\Exception$UserNotFoundException.class
br\gov\sp\fatec\utils\SwaggerConfig.class
br\gov\sp\fatec\teacher\service\TeacherService.class
br\gov\sp\fatec\security\JwtUtils.class
br\gov\sp\fatec\utils\exception\Exception$SendEmailFailedException.class
br\gov\sp\fatec\team\repository\TeamRepository.class
br\gov\sp\fatec\medal\controller\MedalController.class
br\gov\sp\fatec\security\repository\AuthorizationRepository.class
br\gov\sp\fatec\team\domain\StudentTeamDTO.class
br\gov\sp\fatec\project\domain\Date.class
br\gov\sp\fatec\utils\view\View$Student.class
br\gov\sp\fatec\representative\service\RepresentativeService.class
br\gov\sp\fatec\team\controller\TeamController.class
br\gov\sp\fatec\user\controller\UserController.class
br\gov\sp\fatec\user\domain\User.class
br\gov\sp\fatec\utils\view\View.class
br\gov\sp\fatec\cadi\controller\CadiController.class
br\gov\sp\fatec\socket\Socket.class
br\gov\sp\fatec\team\domain\StudentTeam.class
br\gov\sp\fatec\student\domain\Profile.class
br\gov\sp\fatec\utils\commons\SendEmail.class
br\gov\sp\fatec\utils\exception\Exception$EmailDuplicateException.class
br\gov\sp\fatec\teacher\domain\Teacher.class
br\gov\sp\fatec\cadi\repository\CadiRepository.class
br\gov\sp\fatec\login\controller\LoginController.class
br\gov\sp\fatec\user\repository\UserRepository.class
br\gov\sp\fatec\medal\domain\Medal.class
br\gov\sp\fatec\medal\service\MedalServiceImpl.class
br\gov\sp\fatec\team\service\TeamServiceImpl.class
br\gov\sp\fatec\utils\view\View$Cadi.class
br\gov\sp\fatec\utils\exception\Exception$StudentAlreadyInTeamException.class
br\gov\sp\fatec\utils\view\View$Representative.class
br\gov\sp\fatec\representative\repository\RepresentativeRepository.class
